// Jest Snapshot v1, https://goo.gl/fbAQLP

exports[`required indicator renders with defaults 1`] = `
<div
  data-radium={true}
  style={
    Object {
      "alignSelf": "center",
      "color": "#d52101",
      "fontSize": "14px",
      "lineHeight": 1.285,
      "opacity": 1,
      "zIndex": 1,
    }
  }
>
  *
</div>
`;

exports[`required indicator renders with defaults 2`] = `
<div
  data-radium={true}
  style={
    Object {
      "alignSelf": "center",
      "color": "#d52101",
      "fontSize": "14px",
      "lineHeight": 1.285,
      "opacity": 0,
      "zIndex": 1,
    }
  }
>
  *
</div>
`;
