// Jest Snapshot v1, https://goo.gl/fbAQLP

exports[`it can render as full width 1`] = `
<div
  data-radium={true}
  style={
    Object {
      "backgroundColor": "#ccc",
      "borderRadius": "6px",
      "boxSizing": "border-box",
      "color": "#000",
      "display": "flex",
      "fontSize": "14px",
      "lineHeight": "undefined",
      "margin": "3px",
      "padding": "6px",
      "width": "100%",
    }
  }
>
  <div
    data-radium={true}
    style={
      Object {
        "alignSelf": "center",
        "display": "flex",
        "width": "100%",
      }
    }
  >
    <span
      data-radium={true}
      key=".0"
      style={
        Object {
          "alignSelf": "center",
          "flex": 1,
          "fontFamily": "'Proxima Nova', 'Lucida Sans Unicode', 'Lucida Grande', sans-serif",
        }
      }
    >
      Hello Chip
    </span>
    <div
      data-radium={true}
      key=".1"
      style={
        Object {
          "display": "flex",
          "marginLeft": "14px",
        }
      }
    >
      <Connect(UI)
        circle={true}
        color="rgba(89,89,89,1)"
        icon={[Function]}
        onClick={[Function]}
        size={0.375}
      />
    </div>
  </div>
</div>
`;

exports[`it can render text in the Chip 1`] = `
<div
  data-radium={true}
  style={
    Object {
      "backgroundColor": "#ccc",
      "borderRadius": "6px",
      "boxSizing": "border-box",
      "color": "#000",
      "display": "flex",
      "fontSize": "14px",
      "lineHeight": "undefined",
      "margin": "3px",
      "padding": "6px",
      "width": "200px",
    }
  }
>
  <div
    data-radium={true}
    style={
      Object {
        "alignSelf": "center",
        "display": "flex",
        "width": "100%",
      }
    }
  >
    <span
      data-radium={true}
      key=".0"
      style={
        Object {
          "alignSelf": "center",
          "flex": 1,
          "fontFamily": "'Proxima Nova', 'Lucida Sans Unicode', 'Lucida Grande', sans-serif",
        }
      }
    >
      Hello Chip
    </span>
    <div
      data-radium={true}
      key=".1"
      style={
        Object {
          "display": "flex",
          "marginLeft": "14px",
        }
      }
    >
      <Connect(UI)
        circle={true}
        color="rgba(89,89,89,1)"
        icon={[Function]}
        onClick={[Function]}
        size={0.375}
      />
    </div>
  </div>
</div>
`;
